2025-11-15 13:32:15 | INFO    | Logger ready.
2025-11-15 13:32:15 | INFO    | Lade Feature-CSV aus outputs\features_case_bvp_gsr_skt.csv ...
2025-11-15 13:32:15 | INFO    | Gelesen: 13692 Zeilen, 23 Spalten
2025-11-15 13:32:15 | INFO    | Pausen (10/11/12) entfernt: 13692 -> 7112
2025-11-15 13:32:15 | INFO    | Video->Label Mapping angewendet. Unmapped gedroppt: 7112 -> 7112
2025-11-15 13:32:15 | INFO    | Filter auf Klassen ['amused', 'bored']: 7112 -> 3564 Zeilen
2025-11-15 13:32:15 | INFO    | Vor Downsampling: {'amused': 2006, 'bored': 1558}
2025-11-15 13:32:15 | INFO    | Klasse bored bereits <= target (1558 <= 2006)
2025-11-15 13:32:15 | INFO    | Verwende 17 Feature-Spalten.
2025-11-15 13:32:17 | INFO    | Fold 1/5: acc=0.5925 | bAcc=0.5721 | f1_macro=0.5693
2025-11-15 13:32:17 | INFO    | Fold 1 done in 2.0s
2025-11-15 13:32:19 | INFO    | Fold 2/5: acc=0.7182 | bAcc=0.7073 | f1_macro=0.7092
2025-11-15 13:32:19 | INFO    | Fold 2 done in 2.0s
2025-11-15 13:32:21 | INFO    | Fold 3/5: acc=0.6553 | bAcc=0.6495 | f1_macro=0.6495
2025-11-15 13:32:21 | INFO    | Fold 3 done in 2.0s
2025-11-15 13:32:23 | INFO    | Fold 4/5: acc=0.7012 | bAcc=0.6746 | f1_macro=0.6722
2025-11-15 13:32:23 | INFO    | Fold 4 done in 2.0s
2025-11-15 13:32:25 | INFO    | Fold 5/5: acc=0.6264 | bAcc=0.6247 | f1_macro=0.6234
2025-11-15 13:32:25 | INFO    | Fold 5 done in 2.0s
2025-11-15 13:32:25 | INFO    | == Pooled results over all folds ==
2025-11-15 13:32:25 | INFO    | acc=0.6622 | bAcc=0.6490 | f1_macro=0.6500
2025-11-15 13:32:25 | INFO    | CV fertig in 10.1s
2025-11-15 13:32:28 | WARNING | Längen-Mismatch bei Feature Importances: len(feat_cols)=17, len(importances)=13. Schneide auf das Minimum zu.
2025-11-15 13:32:28 | INFO    | Finales Modell gespeichert nach rf_outputs\amused_vs_bored\final_model_pipeline.joblib
2025-11-15 13:32:28 | INFO    | Experiment amused_vs_bored fertig.
2025-11-15 15:51:34 | INFO    | Logger ready.
2025-11-15 15:51:34 | INFO    | Lade Feature-CSV aus outputs\features_case_bvp_gsr_skt.csv ...
2025-11-15 15:51:34 | INFO    | Gelesen: 13692 Zeilen, 23 Spalten
2025-11-15 15:51:34 | INFO    | Pausen (10/11/12) entfernt: 13692 -> 7112
2025-11-15 15:51:34 | INFO    | Video->Label Mapping angewendet. Unmapped gedroppt: 7112 -> 7112
2025-11-15 15:51:34 | INFO    | Filter auf Klassen ['amused', 'bored']: 7112 -> 3564 Zeilen
2025-11-15 15:51:34 | INFO    | Vor Downsampling: {'amused': 2006, 'bored': 1558}
2025-11-15 15:51:34 | INFO    | Klasse bored bereits <= target (1558 <= 2006)
2025-11-15 15:51:34 | INFO    | Verwende 17 Feature-Spalten.
2025-11-15 15:51:36 | INFO    | Fold 1/5: acc=0.5925 | bAcc=0.5721 | f1_macro=0.5693
2025-11-15 15:51:36 | INFO    | Fold 1 done in 2.1s
2025-11-15 15:51:38 | INFO    | Fold 2/5: acc=0.7182 | bAcc=0.7073 | f1_macro=0.7092
2025-11-15 15:51:38 | INFO    | Fold 2 done in 2.1s
2025-11-15 15:51:40 | INFO    | Fold 3/5: acc=0.6553 | bAcc=0.6495 | f1_macro=0.6495
2025-11-15 15:51:40 | INFO    | Fold 3 done in 2.1s
2025-11-15 15:51:43 | INFO    | Fold 4/5: acc=0.7012 | bAcc=0.6746 | f1_macro=0.6722
2025-11-15 15:51:43 | INFO    | Fold 4 done in 2.1s
2025-11-15 15:51:45 | INFO    | Fold 5/5: acc=0.6264 | bAcc=0.6247 | f1_macro=0.6234
2025-11-15 15:51:45 | INFO    | Fold 5 done in 2.1s
2025-11-15 15:51:45 | INFO    | == Pooled results over all folds ==
2025-11-15 15:51:45 | INFO    | acc=0.6622 | bAcc=0.6490 | f1_macro=0.6500
2025-11-15 15:51:45 | INFO    | CV fertig in 10.5s
2025-11-15 15:51:47 | WARNING | Längen-Mismatch bei Feature Importances: len(feat_cols)=17, len(importances)=13. Schneide auf das Minimum zu.
2025-11-15 15:51:47 | INFO    | Finales Modell gespeichert nach rf_outputs\amused_vs_bored\final_model_pipeline.joblib
2025-11-15 15:51:47 | INFO    | Experiment amused_vs_bored fertig.
